[ffmpeg] static-ffmpeg registered

[plan] 70 videos to extract (21.0h total audio)
[plan] Estimated Whisper time (tiny): ~14.7h on CPU
[output] → /Users/emoefedorgu/Desktop/Pandora/research-deconstruction /daghettoscholar-raw

[model] Loading faster-whisper 'tiny' ...
[model] Ready.

[1/70] The Rh Factor Myth Debunked (133.1min)
  [download] W6NMwze2jtQ ...
  [transcribe] W6NMwze2jtQ.m4a ...
  -> 15689 words | 1565.1s

[2/70] DNA Testing Bias #CopperColored (6.5min)
  [download] KPHJQZZM29E ...
  [transcribe] KPHJQZZM29E.m4a ...
  -> 1366 words | 96.3s

[3/70] How to FIX your Aging Face #fasciaHealth (5.2min)
  [download] GyrYVppfbBI ...
  [transcribe] GyrYVppfbBI.m4a ...
  -> 662 words | 55.3s

[4/70] Fruit Only Diets Cause Atrophy (10.0min)
  [download] oRotZaCQi30 ...
  [transcribe] oRotZaCQi30.m4a ...
  -> 1112 words | 79.9s

[5/70] Coconut Milk from Scratch Coconut Everything (0.6min)
  [download] Ih5tLJEHi4k ...
  [transcribe] Ih5tLJEHi4k.m4a ...
  -> 0 words | 2.0s

[6/70] Who is the Agent Dr Sebi Lied Part 2 (8.4min)
  [download] CYflIi6NB3M ...
  [transcribe] CYflIi6NB3M.m4a ...
  -> 879 words | 66.1s

[7/70] The # 1 Exercise for Total Body Health (13.2min)
  [download] B_Y_wEVA1Qs ...
  [transcribe] B_Y_wEVA1Qs.m4a ...
  -> 1551 words | 114.9s

[8/70] Dr Sebi Lied (6.2min)
  [download] 9uk84LceRjQ ...
  [transcribe] 9uk84LceRjQ.m4a ...
  -> 779 words | 46.4s

[9/70] Why you MUST Sleep on your Left Side for Optimal Health (6.8min)
  [download] PwCPTkhvi4g ...
  [transcribe] PwCPTkhvi4g.m4a ...
  -> 952 words | 52.5s

[10/70] Fascia Kinetic Therapy Certification (5.3min)
  [download] txGEcjp8z7Q ...
  [transcribe] txGEcjp8z7Q.m4a ...
  -> 0 words | 2.6s

[11/70] The Science of Calming Your Nervous System via 1 Exercise (9.9min)
  [download] fKLmxyP5Rm0 ...
  [transcribe] fKLmxyP5Rm0.m4a ...
  -> 1501 words | 76.7s

[12/70] Aboriginal University Courses (0.1min)
  [download] pJvzv42LXkQ ...
  [transcribe] pJvzv42LXkQ.m4a ...
  -> 0 words | 0.9s

[13/70] Who R the Oldest & Original Americans - The DNA Speaks (10.0min)
  [download] sc6I6QZbGrQ ...
  [transcribe] sc6I6QZbGrQ.m4a ...
  -> 1479 words | 95.0s

[14/70] ARNA Official Orientation Class OVERVIEW (52.0min)
  [download] nRai8jhZ5yo ...
  [transcribe] nRai8jhZ5yo.m4a ...
  -> 6688 words | 485.9s

[15/70] Part 2 Who was in the Caves - The Bible is an Academic Walma (10.0min)
  [download] WtEH7HL3_Ts ...
  [transcribe] WtEH7HL3_Ts.m4a ...
  -> 1297 words | 84.9s

[16/70] How to Actually Get Reparations for REAL (10.0min)
  [download] ECNNMtqgGGg ...
  [transcribe] ECNNMtqgGGg.m4a ...
  -> 1446 words | 82.7s

[17/70] Who Was in the Caves Part 1 (10.0min)
  [download] 82weMjZ1RIc ...
  [transcribe] 82weMjZ1RIc.m4a ...
  -> 1355 words | 65.8s

[18/70] How Excessive Sitting Causes Major Health issues with the Sp (7.9min)
  [download] Nb2NiRhIU5A ...
  [transcribe] Nb2NiRhIU5A.m4a ...
  -> 1134 words | 66.9s

[19/70] Flow Breathing Technique for Total Body Health (3.1min)
  [download] S3lqa981dBQ ...
  [transcribe] S3lqa981dBQ.m4a ...
  -> 379 words | 19.9s

[20/70] A Pressure Point that can bring Total Body Healing (9.7min)
  [download] ejywpgpJNvY ...
  [transcribe] ejywpgpJNvY.m4a ...
  -> 1551 words | 94.4s

[21/70] The Science of Weight Loss is via the Breath - Fat Burning = (8.2min)
  [download] O-trhZV05SE ...
  [transcribe] O-trhZV05SE.m4a ...
  -> 1056 words | 56.8s

[22/70] Part 2 Haiti was not the 1st Liberated Jurisdiction of Black (9.5min)
  [download] YCsXnx_mxjM ...
  [transcribe] YCsXnx_mxjM.m4a ...
  -> 1366 words | 73.8s

[23/70] Addressing the Pseudo Claims of a Haiti Empire in the Americ (6.2min)
  [download] yHWRz3A6RmA ...
  [transcribe] yHWRz3A6RmA.m4a ...
  -> 894 words | 49.8s

[24/70] Brigido Lara & 40k Fake Indigenous Artifacts (4.7min)
  [download] Xtsr-eVxTM4 ...
  [transcribe] Xtsr-eVxTM4.m4a ...
  -> 532 words | 27.7s

[25/70] Deep in Da Bag Series - What do cells actually use for Energ (10.0min)
  [download] 7R0sQzm9CfI ...
  [transcribe] 7R0sQzm9CfI.m4a ...
  -> 1027 words | 51.9s

[26/70] Bible Crack on sale to Indigenous Americans (9.2min)
  [download] ItXlQG_rroI ...
  [transcribe] ItXlQG_rroI.m4a ...
  -> 1056 words | 58.2s

[27/70] Indigenous Americans Ain't Muurs (5.0min)
  [download] 7aNJfrrMWi4 ...
  [transcribe] 7aNJfrrMWi4.m4a ...
  -> 636 words | 70.7s

[28/70] Who Really Built Tartarian Buildings in America (9.8min)
  [download] IDEOlO5miRU ...
  [transcribe] IDEOlO5miRU.m4a ...
  -> 1118 words | 113.2s

[29/70] They Lied About The Royal African Company & The Slave Trade (5.3min)
  [download] zT881jomVPE ...
  [transcribe] zT881jomVPE.m4a ...
  -> 648 words | 64.2s

[30/70] The Lost Pages of Religion (Islam Christianity & Judaism) (9.5min)
  [download] oSc0Qwc8pWk ...
  [transcribe] oSc0Qwc8pWk.m4a ...
  -> 1128 words | 120.9s

[31/70] How to Get Super Strong & Super Healthy via Training your Fa (4.6min)
  [download] CR7j7IPQ1kQ ...
  [transcribe] CR7j7IPQ1kQ.m4a ...
  -> 676 words | 93.0s

[32/70] Indigenous Medicine @ Ancient Indigenous Sites (5.2min)
  [download] 4FC8QCUkk50 ...
  [transcribe] 4FC8QCUkk50.m4a ...
  -> 541 words | 85.5s

[33/70] Prostate Disease & Heaux Culture (10.0min)
  [download] MnFTV9g35Ls ...
  [transcribe] MnFTV9g35Ls.m4a ...
  -> 1496 words | 132.2s

[34/70] Deep in da Bag Series - How Powerful is the Human Body Actua (3.2min)
  [download] wsv2z-iF7iA ...
  [transcribe] wsv2z-iF7iA.m4a ...
  -> 341 words | 32.8s

[35/70] Deep in da Bag Series Science - Trees are from Heaven not Ea (4.7min)
  [download] WOcBihURVwo ...
  [transcribe] WOcBihURVwo.m4a ...
  -> 607 words | 49.7s

[36/70] Fascia Fitness - Your Walk Tells your Health (5.7min)
  [download] drloND__8xk ...
  [transcribe] drloND__8xk.m4a ...
  -> 905 words | 73.4s

[37/70] Follow my New Instagram Page @godbodyhealth (5.0min)
  [download] XHueWytT4ZA ...
  [transcribe] XHueWytT4ZA.m4a ...
  -> 713 words | 57.4s

[38/70] Economic Mastery Class Credit Business Credit Exemptions (4.3min)
  [download] NwaIhcs2XV0 ...
  [transcribe] NwaIhcs2XV0.m4a ...
  -> 525 words | 35.4s

[39/70] The Genetic Science of Lactose Intolerance in Indigenous Peo (52.2min)
  [download] KiRkAHAKNvM ...
  [transcribe] KiRkAHAKNvM.m4a ...
  -> 6442 words | 338.9s

[40/70] The Bible is stolen Heritage - American Indians are not Isra (9.9min)
  [download] TfLIbgCuiqE ...
  [transcribe] TfLIbgCuiqE.m4a ...
  -> 1494 words | 71.4s

[41/70] Indigenous Americans were NOT Hebrews or Lost Tribes of Isra (10.0min)
  [download] 0Y_h5ETuPoM ...
  [transcribe] 0Y_h5ETuPoM.m4a ...
  -> 1438 words | 74.5s

[42/70] Ancient America is not Egypt (TaMeri) (5.0min)
  [download] cTkXqWJmUo8 ...
  [transcribe] cTkXqWJmUo8.m4a ...
  -> 770 words | 35.9s

[43/70] Black Americans Built all American Cities - Aboriginal Ameri (10.0min)
  [download] UC4WRCXjtlU ...
  [transcribe] UC4WRCXjtlU.m4a ...
  -> 1410 words | 66.6s

[44/70] Addressing Scientific Racism (8.4min)
  [download] KUvLkQQfS20 ...
  [transcribe] KUvLkQQfS20.m4a ...
  -> 1289 words | 61.1s

[45/70] WHY are they Hated (5.5min)
  [download] Q-QPUffyvfk ...
  [transcribe] Q-QPUffyvfk.m4a ...
  -> 596 words | 32.1s

[46/70] The 1 Health Tool - Breathing (6.5min)
  [download] MrnfDZVSnnk ...
  [transcribe] MrnfDZVSnnk.m4a ...
  -> 824 words | 40.9s

[47/70] Who is Really a Culture Vulture Original Americans vs Eurasi (10.9min)
  [download] FtocUqHVq9Q ...
  [transcribe] FtocUqHVq9Q.m4a ...
  -> 1471 words | 72.4s

[48/70] Heavy Metal Detox Guide w/Formulas (1.5min)
  [download] IKFjOpiYPyg ...
  [transcribe] IKFjOpiYPyg.m4a ...
  -> 200 words | 9.2s

[49/70] Crawford is the GOAT - He Stepped on Canelo (5.8min)
  [download] 3ZvZ4VczRJw ...
  [transcribe] 3ZvZ4VczRJw.m4a ...
  -> 755 words | 34.3s

[50/70] Purpose is Everything - Methodology to Developing Purpose (18.1min)
  [download] gfiOoHJ3LuA ...
  [transcribe] gfiOoHJ3LuA.m4a ...
  -> 2333 words | 108.8s

[51/70] AMA Doctors Class 4 Mutation Sciences & BioCosmology (92.0min)
  [download] X7ACCx5bBjE ...
  [transcribe] X7ACCx5bBjE.m4a ...
  -> 9566 words | 671.0s

[52/70] Health Debunking Series We need Protein & Why Dr Ali vs Yahk (172.2min)
  [download] 9Hy893hK8GI ...
  [transcribe] 9Hy893hK8GI.m4a ...
  -> 17801 words | 1457.5s

[53/70] AMA Health Class Level1 Physics & Chemistry Laws of Biology  (106.3min)
  [download] cdR-IqqZifo ...
  [transcribe] cdR-IqqZifo.m4a ...
  -> 12194 words | 744.2s

[54/70] Indigenous Psychology Class 3 Cartomancy & AstroStudies (72.6min)
  [download] t2FOCcOamlY ...
  [transcribe] t2FOCcOamlY.m4a ...
  -> 6475 words | 399.1s

[55/70] Juneteenth is Disrespect to US - Here is the History U Need (8.6min)
  [download] iiAu0lX1MCI ...
  [transcribe] iiAu0lX1MCI.m4a ...
  -> 1160 words | 51.9s

[56/70] Yamasee Guale Ogeechee vs The Fiction of Gullah Geechee (9.8min)
  [download] ioammi2FDfs ...
  [transcribe] ioammi2FDfs.m4a ...
  -> 1513 words | 67.6s

[57/70] The Worldwide White Slave Trade (10.0min)
  [download] g99fzZ8SIFo ...
  [transcribe] g99fzZ8SIFo.m4a ...
  -> 1232 words | 56.4s

[58/70] Gullah Geechee is NOT African - We are Indigenous American (5.3min)
  [download] 2WT_JfdbkWs ...
  [transcribe] 2WT_JfdbkWs.m4a ...
  -> 665 words | 31.6s

[59/70] 508c1a Business vs 501c3 (5.1min)
  [download] -fCh_gOji08 ...
  [transcribe] -fCh_gOji08.m4a ...
  -> 851 words | 35.7s

[60/70] South America was Africa - Indigenous Scholarship (8.2min)
  [download] DAcbZqz91HE ...
  [transcribe] DAcbZqz91HE.m4a ...
  -> 1002 words | 51.7s

[61/70] Trump from an Indigenous Perspective - Civics Tariffs Prophe (19.4min)
  [download] nifiaE_YLgU ...
  [transcribe] nifiaE_YLgU.m4a ...
  -> 2425 words | 125.1s

[62/70] Indigenous Governance vs DEI & Civil Rights (17.6min)
  [download] MSzianp7SKs ...
  [transcribe] MSzianp7SKs.m4a ...
  -> 2270 words | 109.7s

[63/70] Grow Your Hair Back #HairGrowthScience (5.2min)
  [download] e5b0D04vtwE ...
  [transcribe] e5b0D04vtwE.m4a ...
  -> 661 words | 31.1s

[64/70] How to Fix Family (4.8min)
  [download] LNT0pfNnRDk ...
  [transcribe] LNT0pfNnRDk.m4a ...
  -> 596 words | 31.5s

[65/70] The Tank Davis Jake Paul Curse (6.0min)
  [download] Fcb_RDXdr9Q ...
  [transcribe] Fcb_RDXdr9Q.m4a ...
  -> 899 words | 41.8s

[66/70] Pre Sparring Workout GodBodyOG (4.5min)
  [download] t1c_os3FqL4 ...
  [transcribe] t1c_os3FqL4.m4a ...
  -> 292 words | 14.9s

[67/70] White Lion Lies - Proper History of Point Comfort Virginia (4.3min)
  [download] IDniBbWtOF0 ...
  [transcribe] IDniBbWtOF0.m4a ...
  -> 517 words | 24.1s

[68/70] Documentary - Indigenous Insurrection - The Black Rebellion  (8.9min)
  [download] Zil8jeeH9Lo ...
  [transcribe] Zil8jeeH9Lo.m4a ...
  -> 1357 words | 63.4s

[69/70] Food Science vs Food Fads - Why we should eat High Carbon Me (3.1min)
  [download] 51SrTAdrkSU ...
  [transcribe] 51SrTAdrkSU.m4a ...
  -> 438 words | 18.3s

[70/70] The Real Dr Sebi - A Documentary on the World renowned Alfre (112.8min)
  [download] 1jB5aznW_h4 ...
  [transcribe] 1jB5aznW_h4.m4a ...
  -> 13929 words | 916.7s

============================================================
COMPLETE: 70 transcribed | 0 failed | ~149,950 words
Transcripts → /Users/emoefedorgu/Desktop/Pandora/research-deconstruction /daghettoscholar-raw
Index updated: /Users/emoefedorgu/Desktop/Pandora/research-deconstruction /daghettoscholar-raw/_INDEX.json
